[demo.egenslab.com/html/gofly/preview/travel-agency-01.html]
[demo.egenslab.com/html/gofly/preview/assets/css/bootstrap.min.css]
[demo.egenslab.com/html/gofly/preview/assets/css/jquery-ui.css]
[demo.egenslab.com/html/gofly/preview/assets/css/bootstrap-icons.css]
[demo.egenslab.com/html/gofly/preview/assets/css/animate.min.css]
[demo.egenslab.com/html/gofly/preview/assets/css/jquery.fancybox.min.css]
[demo.egenslab.com/html/gofly/preview/assets/css/swiper-bundle.min.css]
[demo.egenslab.com/html/gofly/preview/assets/css/slick.css]
[demo.egenslab.com/html/gofly/preview/assets/css/slick-theme.css]
[demo.egenslab.com/html/gofly/preview/assets/css/daterangepicker.css]
[demo.egenslab.com/html/gofly/preview/assets/css/boxicons.min.css]
[backblue.gif]
[fade.gif]
[index.html]
[demo.egenslab.com/html/gofly/preview/assets/css/style.css]
[demo.egenslab.com/html/gofly/preview/assets/img/fav-icon.svg]
[demo.egenslab.com/html/gofly/preview/index.html]
[demo.egenslab.com/html/gofly/preview/assets/img/header-logo2.svg]
[demo.egenslab.com/html/gofly/preview/travel-agency-02.html]
[demo.egenslab.com/html/gofly/preview/travel-agency-03.html]
[demo.egenslab.com/html/gofly/preview/travel-agency-04.html]
[demo.egenslab.com/html/gofly/preview/experience-01.html]
[demo.egenslab.com/html/gofly/preview/experience-02.html]
[demo.egenslab.com/html/gofly/preview/visa-agency.html]
[demo.egenslab.com/html/gofly/preview/destination-01.html]
[demo.egenslab.com/html/gofly/preview/destination-details.html]
[demo.egenslab.com/html/gofly/preview/assets/img/home1/france-flag.png]
[demo.egenslab.com/html/gofly/preview/assets/img/home1/uk-flag.png]
[demo.egenslab.com/html/gofly/preview/assets/img/home1/netherland-flag.png]
[demo.egenslab.com/html/gofly/preview/assets/img/home1/italy-flag.png]
[demo.egenslab.com/html/gofly/preview/assets/img/home1/greece-flag.png]
[demo.egenslab.com/html/gofly/preview/assets/img/home1/romania-flag.png]
[demo.egenslab.com/html/gofly/preview/assets/img/home1/japan-flag2.png]
[demo.egenslab.com/html/gofly/preview/assets/img/home1/indonesia-flag.png]
[demo.egenslab.com/html/gofly/preview/assets/img/home1/thailand-flag.png]
[demo.egenslab.com/html/gofly/preview/assets/img/home1/malaysia-flag.png]
[demo.egenslab.com/html/gofly/preview/assets/img/home1/vietnam-flag.png]
[demo.egenslab.com/html/gofly/preview/assets/img/home1/india-flag.png]
[demo.egenslab.com/html/gofly/preview/assets/img/home1/egypt-flag.png]
[demo.egenslab.com/html/gofly/preview/assets/img/home1/south-africa-flag.png]
[demo.egenslab.com/html/gofly/preview/assets/img/home1/zimbabwe-flag.png]
[demo.egenslab.com/html/gofly/preview/assets/img/home1/kenya-flag.png]
[demo.egenslab.com/html/gofly/preview/assets/img/home1/morocco-flag.png]
[demo.egenslab.com/html/gofly/preview/assets/img/home1/senegal-flag.png]
[demo.egenslab.com/html/gofly/preview/assets/img/home1/australia-flag.png]
[demo.egenslab.com/html/gofly/preview/assets/img/home1/papua-new-guinea-flag.png]
[demo.egenslab.com/html/gofly/preview/assets/img/home1/uae-flag.png]
[demo.egenslab.com/html/gofly/preview/assets/img/home1/qatar-flag.png]
[demo.egenslab.com/html/gofly/preview/assets/img/home1/bahrain-flag.png]
[demo.egenslab.com/html/gofly/preview/assets/img/home1/saudi-arabia-flag.png]
[demo.egenslab.com/html/gofly/preview/assets/img/home1/jordan-flag.png]
[demo.egenslab.com/html/gofly/preview/assets/img/home1/palestine-flag.png]
[demo.egenslab.com/html/gofly/preview/assets/img/home1/us-flag.png]
[demo.egenslab.com/html/gofly/preview/assets/img/home1/canada-flag.png]
[demo.egenslab.com/html/gofly/preview/assets/img/home1/mexico-flag.png]
[demo.egenslab.com/html/gofly/preview/assets/img/home1/jamaica-flag.png]
[demo.egenslab.com/html/gofly/preview/assets/img/home1/costa-rica-flag.png]
[demo.egenslab.com/html/gofly/preview/assets/img/home1/mega-menu-vector1.svg]
[demo.egenslab.com/html/gofly/preview/assets/img/home1/mega-menu-vector2.svg]
[demo.egenslab.com/html/gofly/preview/travel-package-01.html]
[demo.egenslab.com/html/gofly/preview/travel-package-02.html]
[demo.egenslab.com/html/gofly/preview/travel-package-details.html]
[demo.egenslab.com/html/gofly/preview/visa.html]
[demo.egenslab.com/html/gofly/preview/visa-details.html]
[demo.egenslab.com/html/gofly/preview/about.html]
[demo.egenslab.com/html/gofly/preview/destination-02.html]
[demo.egenslab.com/html/gofly/preview/destination-03.html]
[demo.egenslab.com/html/gofly/preview/destination-04.html]
[demo.egenslab.com/html/gofly/preview/destination-05.html]
[demo.egenslab.com/html/gofly/preview/destination-06.html]
[demo.egenslab.com/html/gofly/preview/experience-grid.html]
[demo.egenslab.com/html/gofly/preview/experience-details.html]
[demo.egenslab.com/html/gofly/preview/hotel.html]
[demo.egenslab.com/html/gofly/preview/hotel-details.html]
[demo.egenslab.com/html/gofly/preview/travel-inspiration-01.html]
[demo.egenslab.com/html/gofly/preview/travel-inspiration-02.html]
[demo.egenslab.com/html/gofly/preview/travel-inspiration-03.html]
[demo.egenslab.com/html/gofly/preview/travel-inspiration-details.html]
[demo.egenslab.com/html/gofly/preview/guider.html]
[demo.egenslab.com/html/gofly/preview/guider-details.html]
[demo.egenslab.com/html/gofly/preview/shop.html]
[demo.egenslab.com/html/gofly/preview/cart.html]
[demo.egenslab.com/html/gofly/preview/checkout.html]
[demo.egenslab.com/html/gofly/preview/product-details.html]
[demo.egenslab.com/html/gofly/preview/faq.html]
[demo.egenslab.com/html/gofly/preview/error.html]
[demo.egenslab.com/html/gofly/preview/contact.html]
[demo.egenslab.com/html/gofly/preview/assets/video/home2-banner-video.mp4]
[demo.egenslab.com/html/gofly/preview/assets/img/home2/banner-img1.jpg]
[demo.egenslab.com/html/gofly/preview/assets/img/home2/banner-img2.jpg]
[demo.egenslab.com/html/gofly/preview/assets/img/home1/filter-bd-flag.png]
[demo.egenslab.com/html/gofly/preview/assets/img/home1/filter-indo-flag.png]
[demo.egenslab.com/html/gofly/preview/assets/img/home1/filter-nepal-flag.png]
[demo.egenslab.com/html/gofly/preview/assets/img/home1/filter-india-flag.png]
[demo.egenslab.com/html/gofly/preview/assets/img/home1/filter-brazil-flag.png]
[demo.egenslab.com/html/gofly/preview/assets/img/home1/filter-thailand-flag.png]
[demo.egenslab.com/html/gofly/preview/assets/img/home1/filter-spain-flag.png]
[demo.egenslab.com/html/gofly/preview/assets/img/home1/filter-uae-flag.png]
[demo.egenslab.com/html/gofly/preview/assets/img/home1/filter-usa-flag.png]
[demo.egenslab.com/html/gofly/preview/assets/img/home2/tour-package-img1.jpg]
[demo.egenslab.com/html/gofly/preview/assets/img/home1/tour-package-img2.jpg]
[demo.egenslab.com/html/gofly/preview/assets/img/home1/tour-package-img10.jpg]
[demo.egenslab.com/html/gofly/preview/assets/img/home1/tour-package-img11.jpg]
[demo.egenslab.com/html/gofly/preview/assets/img/home2/tour-package-img2.jpg]
[demo.egenslab.com/html/gofly/preview/assets/img/home1/tour-package-img6.jpg]
[demo.egenslab.com/html/gofly/preview/assets/img/home1/tour-package-img4.jpg]
[demo.egenslab.com/html/gofly/preview/assets/img/home2/vector/home2-package-slider-vector1.svg]
[demo.egenslab.com/html/gofly/preview/assets/img/home2/vector/home2-package-slider-vector2.svg]
[demo.egenslab.com/html/gofly/preview/assets/img/home2/vector/home2-package-slider-vector3.svg]
[demo.egenslab.com/html/gofly/preview/assets/img/home2/destination-img1.jpg]
[demo.egenslab.com/html/gofly/preview/assets/img/home2/destination-img2.jpg]
[demo.egenslab.com/html/gofly/preview/assets/img/home2/destination-img3.jpg]
[demo.egenslab.com/html/gofly/preview/assets/img/home2/destination-img4.jpg]
[demo.egenslab.com/html/gofly/preview/assets/img/home2/destination-img5.jpg]
[demo.egenslab.com/html/gofly/preview/assets/img/home2/destination-img6.jpg]
[demo.egenslab.com/html/gofly/preview/assets/img/home2/destination-img7.jpg]
[demo.egenslab.com/html/gofly/preview/assets/img/home2/about-img1.jpg]
[demo.egenslab.com/html/gofly/preview/assets/img/home2/about-img2.jpg]
[demo.egenslab.com/html/gofly/preview/assets/img/home2/icon/trip-advisor-icon.svg]
[demo.egenslab.com/html/gofly/preview/assets/img/home2/icon/trustpilot-star.svg]
[demo.egenslab.com/html/gofly/preview/assets/img/home2/icon/trustpilot-logo.svg]
[demo.egenslab.com/html/gofly/preview/assets/img/home1/tour-package-img19.jpg]
[demo.egenslab.com/html/gofly/preview/assets/img/home1/tour-package-img20.jpg]
[demo.egenslab.com/html/gofly/preview/assets/img/home1/tour-package-img12.jpg]
[demo.egenslab.com/html/gofly/preview/assets/img/home1/tour-package-img21.jpg]
[demo.egenslab.com/html/gofly/preview/assets/img/home1/tour-package-img22.jpg]
[demo.egenslab.com/html/gofly/preview/assets/img/home2/home2-offer-banner-img.png]
[demo.egenslab.com/html/gofly/preview/assets/img/home2/vector/offer-banner-vector1.svg]
[demo.egenslab.com/html/gofly/preview/assets/img/home2/vector/offer-banner-vector2.svg]
[demo.egenslab.com/html/gofly/preview/assets/img/home2/vector/home2-offer-banner-vector.svg]
[demo.egenslab.com/html/gofly/preview/assets/img/home1/tour-package-img7.jpg]
[demo.egenslab.com/html/gofly/preview/assets/img/home1/tour-package-img17.jpg]
[demo.egenslab.com/html/gofly/preview/assets/img/home1/tour-package-img18.jpg]
[demo.egenslab.com/html/gofly/preview/assets/img/home1/tour-package-img8.jpg]
[demo.egenslab.com/html/gofly/preview/assets/img/home1/tour-package-img9.jpg]
[demo.egenslab.com/html/gofly/preview/assets/img/home2/home2-award-banner-bg.jpg]
[demo.egenslab.com/html/gofly/preview/assets/img/home2/travel-award.png]
[demo.egenslab.com/html/gofly/preview/assets/img/home1/partner-01.png]
[demo.egenslab.com/html/gofly/preview/assets/img/home1/partner-02.png]
[demo.egenslab.com/html/gofly/preview/assets/img/home1/partner-03.png]
[demo.egenslab.com/html/gofly/preview/assets/img/home1/partner-04.png]
[demo.egenslab.com/html/gofly/preview/assets/img/home1/partner-05.png]
[demo.egenslab.com/html/gofly/preview/assets/img/home1/partner-06.png]
[demo.egenslab.com/html/gofly/preview/assets/img/home2/blog-img1.jpg]
[demo.egenslab.com/html/gofly/preview/assets/img/home2/blog-img2.jpg]
[demo.egenslab.com/html/gofly/preview/assets/img/home2/blog-img3.jpg]
[demo.egenslab.com/html/gofly/preview/assets/img/home1/testimonial-author-img1.png]
[demo.egenslab.com/html/gofly/preview/assets/img/home1/testimonial-author-img3.png]
[demo.egenslab.com/html/gofly/preview/assets/img/home1/testimonial-author-img2.png]
[demo.egenslab.com/html/gofly/preview/assets/img/home1/testimonial-author-img4.png]
[demo.egenslab.com/html/gofly/preview/assets/img/home1/testimonial-author-img5.png]
[demo.egenslab.com/html/gofly/preview/assets/img/home1/icon/trustpilot-logo.svg]
[demo.egenslab.com/html/gofly/preview/assets/img/home1/icon/trustpilot-star.svg]
[demo.egenslab.com/html/gofly/preview/assets/img/home1/icon/tripadvisor-logo.svg]
[demo.egenslab.com/html/gofly/preview/assets/img/home1/icon/tripadvisor-start.svg]
[demo.egenslab.com/html/gofly/preview/assets/img/home2/gallery-img1-big.jpg]
[demo.egenslab.com/html/gofly/preview/assets/img/home2/gallery-img1.jpg]
[demo.egenslab.com/html/gofly/preview/assets/img/home2/gallery-img2-big.jpg]
[demo.egenslab.com/html/gofly/preview/assets/img/home2/gallery-img2.jpg]
[demo.egenslab.com/html/gofly/preview/assets/img/home2/gallery-img3-big.jpg]
[demo.egenslab.com/html/gofly/preview/assets/img/home2/gallery-img3.jpg]
[demo.egenslab.com/html/gofly/preview/assets/img/home2/gallery-img4-big.jpg]
[demo.egenslab.com/html/gofly/preview/assets/img/home2/gallery-img4.jpg]
[demo.egenslab.com/html/gofly/preview/assets/img/home2/gallery-img5-big.jpg]
[demo.egenslab.com/html/gofly/preview/assets/img/home2/gallery-img5.jpg]
[demo.egenslab.com/html/gofly/preview/assets/img/home2/gallery-img6-big.jpg]
[demo.egenslab.com/html/gofly/preview/assets/img/home2/gallery-img6.jpg]
[demo.egenslab.com/html/gofly/preview/assets/img/home1/icon/whatsapp-icon2.svg]
[demo.egenslab.com/html/gofly/preview/assets/img/home1/icon/mail-icon2.svg]
[demo.egenslab.com/html/gofly/preview/assets/img/home1/icon/call-icon.svg]
[demo.egenslab.com/html/gofly/preview/assets/img/footer-logo.svg]
[demo.egenslab.com/html/gofly/preview/assets/img/home1/england-flag.png]
[demo.egenslab.com/html/gofly/preview/assets/img/home1/netherlands-flag.png]
[demo.egenslab.com/html/gofly/preview/assets/img/home1/japan-flag.png]
[demo.egenslab.com/html/gofly/preview/assets/img/home1/korea-flag.png]
[demo.egenslab.com/html/gofly/preview/assets/img/home1/china-flag.png]
[demo.egenslab.com/html/gofly/preview/assets/img/home1/icon/google-play.svg]
[demo.egenslab.com/html/gofly/preview/assets/img/home1/icon/mastar-card-icon.svg]
[demo.egenslab.com/html/gofly/preview/assets/img/home1/icon/visa-icon.svg]
[demo.egenslab.com/html/gofly/preview/assets/img/home1/icon/paypal-icon.svg]
[demo.egenslab.com/html/gofly/preview/assets/img/home1/icon/gpay-icon.svg]
[demo.egenslab.com/cdn-cgi/scripts/5c5dd728/cloudflare-static/email-decode.min.js]
[demo.egenslab.com/html/gofly/preview/assets/js/jquery-3.7.1.min.js]
[demo.egenslab.com/html/gofly/preview/assets/js/moment.min.js]
[demo.egenslab.com/html/gofly/preview/assets/js/jquery-ui.js]
[demo.egenslab.com/html/gofly/preview/assets/js/daterangepicker.min.js]
[demo.egenslab.com/html/gofly/preview/assets/js/bootstrap.min.js]
[demo.egenslab.com/html/gofly/preview/assets/js/popper.min.js]
[demo.egenslab.com/html/gofly/preview/assets/js/swiper-bundle.min.js]
[demo.egenslab.com/html/gofly/preview/assets/js/slick.js]
[demo.egenslab.com/html/gofly/preview/assets/js/waypoints.min.js]
[demo.egenslab.com/html/gofly/preview/assets/js/jquery.counterup.min.js]
[demo.egenslab.com/html/gofly/preview/assets/js/wow.min.js]
[demo.egenslab.com/html/gofly/preview/assets/js/gsap.min.js]
[demo.egenslab.com/html/gofly/preview/assets/js/ScrollTrigger.min.js]
[demo.egenslab.com/html/gofly/preview/assets/js/jquery.fancybox.min.js]
[demo.egenslab.com/html/gofly/preview/assets/js/select-dropdown.js]
[demo.egenslab.com/html/gofly/preview/travel-agency-01.html]
[demo.egenslab.com/html/gofly/preview/assets/css/bootstrap.min.css]
[demo.egenslab.com/html/gofly/preview/assets/css/jquery-ui.css]
[demo.egenslab.com/html/gofly/preview/assets/js/custom.js]
[demo.egenslab.com/html/gofly/preview/assets/fonts/bootstrap-icons0107.woff2]
[demo.egenslab.com/html/gofly/preview/assets/css/bootstrap-icons.css]
[demo.egenslab.com/html/gofly/preview/assets/css/animate.min.css]
[demo.egenslab.com/html/gofly/preview/assets/css/jquery.fancybox.min.css]
[demo.egenslab.com/html/gofly/preview/assets/css/swiper-bundle.min.css]
[demo.egenslab.com/html/gofly/preview/assets/css/slick.css]
[demo.egenslab.com/html/gofly/preview/assets/fonts/bootstrap-icons0107.woff]
[demo.egenslab.com/html/gofly/preview/assets/css/ajax-loader.gif]
[demo.egenslab.com/html/gofly/preview/assets/css/fonts/slick.eot]
[demo.egenslab.com/html/gofly/preview/assets/css/fonts/slickd41d.eot]
[demo.egenslab.com/html/gofly/preview/assets/css/fonts/slick.woff]
[demo.egenslab.com/html/gofly/preview/assets/css/fonts/slick.ttf]
[demo.egenslab.com/html/gofly/preview/assets/css/fonts/slick.svg]
[demo.egenslab.com/html/gofly/preview/assets/css/slick-theme.css]
[demo.egenslab.com/html/gofly/preview/assets/css/daterangepicker.css]
[demo.egenslab.com/html/gofly/preview/assets/fonts/boxicons.eot]
[demo.egenslab.com/html/gofly/preview/assets/fonts/boxicons.woff2]
[demo.egenslab.com/html/gofly/preview/assets/fonts/boxicons.woff]
[demo.egenslab.com/html/gofly/preview/assets/fonts/boxicons.ttf]
[demo.egenslab.com/html/gofly/preview/assets/css/boxicons.min.css]
[demo.egenslab.com/html/gofly/preview/assets/fonts/boxiconsd41d.svg]
[demo.egenslab.com/html/gofly/preview/assets/img/home2/home2-service-bg.png]
[demo.egenslab.com/html/gofly/preview/assets/img/home3/home3-service-bg.png]
[demo.egenslab.com/html/gofly/preview/assets/img/home3/vector/service-title-shape.svg]
[demo.egenslab.com/html/gofly/preview/assets/img/home5/home5-service-bg.png]
[demo.egenslab.com/html/gofly/preview/assets/img/home6/home6-service-bg.png]
[demo.egenslab.com/html/gofly/preview/assets/img/home1/home1-location-search-bg.png]
[demo.egenslab.com/html/gofly/preview/assets/img/home4/home4-location-search-bg.png]
[demo.egenslab.com/html/gofly/preview/assets/img/home1/home1-testimonial-bg.png]
[demo.egenslab.com/html/gofly/preview/assets/img/home1/icon/home1-counter-divider.svg]
[demo.egenslab.com/html/gofly/preview/assets/img/home3/home3-counter-bg.png]
[demo.egenslab.com/html/gofly/preview/assets/img/home1/footer-bg.png]
[demo.egenslab.com/html/gofly/preview/assets/img/home2/home2-package-slider-bg.png]
[demo.egenslab.com/html/gofly/preview/assets/img/home2/home2-about-bg.png]
[demo.egenslab.com/html/gofly/preview/assets/img/home2/home2-testimonial-bg.png]
[demo.egenslab.com/html/gofly/preview/assets/img/home3/home3-destination-bg.png]
[demo.egenslab.com/html/gofly/preview/assets/img/home3/home3-about-bg.png]
[demo.egenslab.com/html/gofly/preview/assets/img/home3/home3-tour-guide-bg.png]
[demo.egenslab.com/html/gofly/preview/assets/img/home7/guide-img-bg.png]
[demo.egenslab.com/html/gofly/preview/assets/img/home3/home3-newsletter-bg.png]
[demo.egenslab.com/html/gofly/preview/assets/img/home4/home4-about-bg.png]
[demo.egenslab.com/html/gofly/preview/assets/img/home4/hom4-why-choose-bg.png]
[demo.egenslab.com/html/gofly/preview/assets/img/home4/home4-testimonial-bg.png]
[demo.egenslab.com/html/gofly/preview/assets/img/home7/home7-popular-activity-bg.png]
[demo.egenslab.com/html/gofly/preview/assets/img/home5/home5-testimonial-content-bg.png]
[demo.egenslab.com/html/gofly/preview/assets/img/home6/home6-about-bg.png]
[demo.egenslab.com/html/gofly/preview/assets/img/home6/home6-newletter-bg.png]
[demo.egenslab.com/html/gofly/preview/assets/img/home7/home7-banner-bottom-shape.png]
[demo.egenslab.com/html/gofly/preview/assets/img/home7/vector/home7-banner-bottom-divider.svg]
[demo.egenslab.com/html/gofly/preview/assets/img/home7/home7-destination-bg.png]
[demo.egenslab.com/html/gofly/preview/assets/img/home7/about-img-shape.png]
[demo.egenslab.com/html/gofly/preview/assets/img/home7/about-counter-bg-shape2.png]
[demo.egenslab.com/html/gofly/preview/assets/img/home7/about-counter-bg-shape.png]
[demo.egenslab.com/html/gofly/preview/assets/img/home7/offer-banner-img-shape2.png]
[demo.egenslab.com/html/gofly/preview/assets/img/home7/home7-activity-tab-bg.png]
[demo.egenslab.com/html/gofly/preview/assets/img/home7/home7-newsletter-bg.png]
[demo.egenslab.com/html/gofly/preview/assets/img/home8/home8-banner-bg.png]
[demo.egenslab.com/html/gofly/preview/assets/img/home8/home8-feature-bg.png]
[demo.egenslab.com/html/gofly/preview/assets/img/home8/home8-contact-bg.png]
[demo.egenslab.com/html/gofly/preview/assets/img/innerpages/breadcrumb-bg8.png]
[demo.egenslab.com/html/gofly/preview/assets/img/innerpages/destination-dt-why-choose-bg.png]
[demo.egenslab.com/html/gofly/preview/assets/img/innerpages/icon/customer-gallery-cursor.svg]
[demo.egenslab.com/html/gofly/preview/assets/img/innerpages/destination-dt-faq-bg.png]
[demo.egenslab.com/html/gofly/preview/assets/img/innerpages/visa-package-grid-bg.png]
[demo.egenslab.com/html/gofly/preview/assets/img/innerpages/about-page-journey-bg.png]
[demo.egenslab.com/html/gofly/preview/assets/css/style.css]
[demo.egenslab.com/html/gofly/preview/assets/img/fav-icon.svg]
[demo.egenslab.com/html/gofly/preview/assets/css/nice-select.css]
[demo.egenslab.com/html/gofly/preview/assets/img/header-logo.svg]
[demo.egenslab.com/html/gofly/preview/assets/img/home1/icon/whatsapp-icon.svg]
[demo.egenslab.com/html/gofly/preview/assets/img/home1/icon/mail-icon.svg]
[demo.egenslab.com/html/gofly/preview/assets/img/home1/icon/live-chat.svg]
[demo.egenslab.com/html/gofly/preview/assets/video/home1-banner-video.mp4]
[demo.egenslab.com/html/gofly/preview/assets/img/home1/home1-offer-img1.jpg]
[demo.egenslab.com/html/gofly/preview/assets/img/home1/home1-offer-img2.jpg]
[demo.egenslab.com/html/gofly/preview/assets/img/home1/home1-offer-img3.jpg]
[demo.egenslab.com/html/gofly/preview/assets/img/home1/home1-offer-img4.jpg]
[demo.egenslab.com/html/gofly/preview/assets/img/home1/home1-offer-img5.jpg]
[demo.egenslab.com/html/gofly/preview/assets/img/home1/destination-img1.jpg]
[demo.egenslab.com/html/gofly/preview/assets/img/home1/destination-img2.jpg]
[demo.egenslab.com/html/gofly/preview/assets/img/home1/destination-img3.jpg]
[demo.egenslab.com/html/gofly/preview/assets/img/home1/destination-img4.jpg]
[demo.egenslab.com/html/gofly/preview/assets/img/home1/destination-img5.jpg]
[demo.egenslab.com/html/gofly/preview/assets/img/home1/destination-img6.jpg]
[demo.egenslab.com/html/gofly/preview/assets/img/home1/tour-package-img1.jpg]
[demo.egenslab.com/html/gofly/preview/assets/img/home1/tour-package-img3.jpg]
[demo.egenslab.com/html/gofly/preview/assets/img/home1/tour-package-img13.jpg]
[demo.egenslab.com/html/gofly/preview/assets/img/home1/tour-package-img14.jpg]
[demo.egenslab.com/html/gofly/preview/assets/img/home1/tour-package-img5.jpg]
[demo.egenslab.com/html/gofly/preview/assets/img/home1/tour-package-img15.jpg]
[demo.egenslab.com/html/gofly/preview/assets/img/home1/tour-package-img16.jpg]
[demo.egenslab.com/html/gofly/preview/assets/img/home1/home1-offer-banner-bg.jpg]
[demo.egenslab.com/html/gofly/preview/assets/img/home1/blog-img1.jpg]
[demo.egenslab.com/html/gofly/preview/assets/img/home1/blog-img2.jpg]
[demo.egenslab.com/html/gofly/preview/assets/img/home1/blog-img3.jpg]
[demo.egenslab.com/html/gofly/preview/assets/img/home1/blog-img4.jpg]
[demo.egenslab.com/html/gofly/preview/index.html]
[demo.egenslab.com/html/gofly/preview/assets/img/header-logo2.svg]
[demo.egenslab.com/html/gofly/preview/assets/js/jquery.nice-select.min.js]
[demo.egenslab.com/html/gofly/preview/assets/img/header-logo3.svg]
[demo.egenslab.com/html/gofly/preview/assets/img/home3/travel-award.png]
[demo.egenslab.com/html/gofly/preview/assets/img/home3/banner-img1.jpg]
[demo.egenslab.com/html/gofly/preview/assets/img/home3/banner-img2.jpg]
[demo.egenslab.com/html/gofly/preview/assets/img/home3/home3-offer-img1.jpg]
[demo.egenslab.com/html/gofly/preview/assets/img/home3/home3-offer-img2.jpg]
[demo.egenslab.com/html/gofly/preview/assets/img/home3/vector/home3-travel-package-vector1.svg]
[demo.egenslab.com/html/gofly/preview/assets/img/home3/vector/home3-travel-package-vector2.svg]
[demo.egenslab.com/html/gofly/preview/assets/img/home3/icon/destination-feature-icon1.svg]
[demo.egenslab.com/html/gofly/preview/assets/img/home3/icon/destination-feature-icon2.svg]
[demo.egenslab.com/html/gofly/preview/assets/img/home3/icon/destination-feature-icon3.svg]
[demo.egenslab.com/html/gofly/preview/assets/img/home3/icon/destination-feature-icon4.svg]
[demo.egenslab.com/html/gofly/preview/assets/img/home3/destination-img1.jpg]
[demo.egenslab.com/html/gofly/preview/assets/img/home3/destination-img2.jpg]
[demo.egenslab.com/html/gofly/preview/assets/img/home3/destination-img3.jpg]
[demo.egenslab.com/html/gofly/preview/assets/img/home3/destination-img4.jpg]
[demo.egenslab.com/html/gofly/preview/assets/img/home3/destination-img5.jpg]
[demo.egenslab.com/html/gofly/preview/assets/img/home3/destination-img6.jpg]
[demo.egenslab.com/html/gofly/preview/assets/img/home3/destination-img7.jpg]
[demo.egenslab.com/html/gofly/preview/assets/img/home3/about-img.png]
[demo.egenslab.com/html/gofly/preview/assets/img/home3/tour-guide-img1.png]
[demo.egenslab.com/html/gofly/preview/assets/img/home3/tour-guide-img2.png]
[demo.egenslab.com/html/gofly/preview/assets/img/home3/tour-guide-img3.png]
[demo.egenslab.com/html/gofly/preview/assets/img/home3/tour-guide-img4.png]
[demo.egenslab.com/html/gofly/preview/assets/img/home3/tour-guide-img5.png]
[demo.egenslab.com/html/gofly/preview/assets/img/home3/tour-guide-img6.png]
[demo.egenslab.com/html/gofly/preview/assets/img/home3/tour-guide-img7.png]
[demo.egenslab.com/html/gofly/preview/assets/img/home3/testimonial-grp-img1.png]
[demo.egenslab.com/html/gofly/preview/assets/img/home3/testimonial-grp-img2.png]
[demo.egenslab.com/html/gofly/preview/assets/img/home3/testimonial-grp-img3.png]
[demo.egenslab.com/html/gofly/preview/assets/img/home3/testimonial-grp-img4.png]
[demo.egenslab.com/html/gofly/preview/assets/img/home3/testimonial-grp-img5.png]
[demo.egenslab.com/html/gofly/preview/assets/img/home3/testimonial-grp-img6.png]
[demo.egenslab.com/html/gofly/preview/assets/img/home3/counter-people-img1.png]
[demo.egenslab.com/html/gofly/preview/assets/img/home3/counter-people-img2.png]
[demo.egenslab.com/html/gofly/preview/assets/img/home3/counter-people-img3.png]
[demo.egenslab.com/html/gofly/preview/assets/img/home3/counter-people-img4.png]
[demo.egenslab.com/html/gofly/preview/assets/img/home3/blog-img1.jpg]
[demo.egenslab.com/html/gofly/preview/assets/img/home3/blog-img2.jpg]
[demo.egenslab.com/html/gofly/preview/assets/img/home3/blog-img3.jpg]
[demo.egenslab.com/html/gofly/preview/assets/img/home3/vector/newsletter-section-vector1.svg]
[demo.egenslab.com/html/gofly/preview/assets/img/home3/vector/newsletter-section-vector2.svg]
[demo.egenslab.com/html/gofly/preview/assets/img/home3/newsletter-bg-shape.png]
[demo.egenslab.com/html/gofly/preview/assets/img/home3/icon/whatsapp-icon.svg]
[demo.egenslab.com/html/gofly/preview/travel-agency-02.html]
[demo.egenslab.com/html/gofly/preview/assets/img/home3/icon/mail-icon.svg]
[demo.egenslab.com/html/gofly/preview/assets/video/home4-banner-video.mp4]
[demo.egenslab.com/html/gofly/preview/assets/img/home4/icon/feature-icon1.svg]
[demo.egenslab.com/html/gofly/preview/assets/img/home4/vector/feature-card-vector.svg]
[demo.egenslab.com/html/gofly/preview/assets/img/home4/icon/feature-icon2.svg]
[demo.egenslab.com/html/gofly/preview/assets/img/home4/icon/feature-icon3.svg]
[demo.egenslab.com/html/gofly/preview/assets/img/home4/feature-section-vector.png]
[demo.egenslab.com/html/gofly/preview/assets/img/home4/vector/feature-section-vector2.svg]
[demo.egenslab.com/html/gofly/preview/assets/img/home4/vector/destination-section-vector.svg]
[demo.egenslab.com/html/gofly/preview/assets/img/home4/about-img1.jpg]
[demo.egenslab.com/html/gofly/preview/assets/img/home4/about-img2.jpg]
[demo.egenslab.com/html/gofly/preview/assets/img/home4/about-img3.jpg]
[demo.egenslab.com/html/gofly/preview/assets/img/home4/home4-offer-slider-img1.jpg]
[demo.egenslab.com/html/gofly/preview/assets/img/home4/home4-offer-slider-img2.jpg]
[demo.egenslab.com/html/gofly/preview/assets/img/home4/why-choose-video-img.jpg]
[demo.egenslab.com/html/gofly/preview/assets/img/home4/testimonial-author-img1.png]
[demo.egenslab.com/html/gofly/preview/assets/img/home4/testimonial-author-img2.png]
[demo.egenslab.com/html/gofly/preview/assets/img/home4/testimonial-author-img3.png]
[demo.egenslab.com/html/gofly/preview/assets/img/home4/testimonial-author-img4.png]
[demo.egenslab.com/html/gofly/preview/assets/img/home4/testimonial-author-img5.png]
[demo.egenslab.com/html/gofly/preview/assets/img/home4/vector/home4-testimonial-vector.png]
[demo.egenslab.com/html/gofly/preview/assets/img/home4/vector/blog-section-vector.svg]
[demo.egenslab.com/html/gofly/preview/travel-agency-03.html]
[demo.egenslab.com/html/gofly/preview/assets/img/home4/vector/faq-section-vector.svg]
[demo.egenslab.com/html/gofly/preview/assets/img/home5/banner-img1.jpg]
[demo.egenslab.com/html/gofly/preview/assets/img/home5/banner-img2.jpg]
[demo.egenslab.com/html/gofly/preview/assets/video/home5-banner-video.mp4]
[demo.egenslab.com/html/gofly/preview/assets/video/home5-activity-video.mp4]
[demo.egenslab.com/html/gofly/preview/assets/img/home5/icon/mail-icon-black.svg]
[demo.egenslab.com/html/gofly/preview/assets/img/home5/icon/call-icon-black.svg]
[demo.egenslab.com/html/gofly/preview/assets/img/home1/home1-offer-img6.jpg]
[demo.egenslab.com/html/gofly/preview/assets/img/home5/destination-img1.jpg]
[demo.egenslab.com/html/gofly/preview/assets/img/home5/destination-img2.jpg]
[demo.egenslab.com/html/gofly/preview/assets/img/home5/destination-img3.jpg]
[demo.egenslab.com/html/gofly/preview/assets/img/home5/destination-img4.jpg]
[demo.egenslab.com/html/gofly/preview/assets/img/home5/destination-img5.jpg]
[demo.egenslab.com/html/gofly/preview/assets/img/home5/destination-img6.jpg]
[demo.egenslab.com/html/gofly/preview/assets/img/home5/home5-service-refund-img.png]
[demo.egenslab.com/html/gofly/preview/assets/img/home5/tour-package-img1.jpg]
[demo.egenslab.com/html/gofly/preview/assets/img/home5/tour-package-img2.jpg]
[demo.egenslab.com/html/gofly/preview/assets/img/home5/tour-package-img3.jpg]
[demo.egenslab.com/html/gofly/preview/assets/img/home5/tour-package-img4.jpg]
[demo.egenslab.com/html/gofly/preview/assets/img/home5/tour-package-img5.jpg]
[demo.egenslab.com/html/gofly/preview/assets/img/home5/about-video-img.jpg]
[demo.egenslab.com/html/gofly/preview/assets/img/home5/vector/home5-about-video-vector.svg]
[demo.egenslab.com/html/gofly/preview/assets/img/home5/tour-guide-img1.png]
[demo.egenslab.com/html/gofly/preview/assets/img/home5/tour-guide-img2.png]
[demo.egenslab.com/html/gofly/preview/assets/img/home5/tour-guide-img3.png]
[demo.egenslab.com/html/gofly/preview/assets/img/home5/tour-guide-img4.png]
[demo.egenslab.com/html/gofly/preview/assets/img/home5/tour-guide-img5.png]
[demo.egenslab.com/html/gofly/preview/assets/img/home5/tour-guide-img6.png]
[demo.egenslab.com/html/gofly/preview/assets/img/home5/tour-guide-img7.png]
[demo.egenslab.com/html/gofly/preview/assets/img/home5/home5-testimonial-bg.jpg]
[demo.egenslab.com/html/gofly/preview/assets/img/home5/vector/home5-testimonial-section-vector.svg]
[demo.egenslab.com/html/gofly/preview/travel-agency-04.html]
[demo.egenslab.com/html/gofly/preview/assets/img/home5/vector/home5-blog-vector.svg]
[demo.egenslab.com/html/gofly/preview/assets/img/home6/banner-img1.jpg]
[demo.egenslab.com/html/gofly/preview/assets/img/home6/banner-img2.jpg]
[demo.egenslab.com/html/gofly/preview/assets/img/home6/banner-img3.jpg]
[demo.egenslab.com/html/gofly/preview/assets/img/home6/destination-img1.jpg]
[demo.egenslab.com/html/gofly/preview/assets/img/home6/destination-img2.jpg]
[demo.egenslab.com/html/gofly/preview/assets/img/home6/destination-img3.jpg]
[demo.egenslab.com/html/gofly/preview/assets/img/home6/destination-img4.jpg]
[demo.egenslab.com/html/gofly/preview/assets/img/home6/vector/service-section-vector1.svg]
[demo.egenslab.com/html/gofly/preview/assets/img/home6/vector/service-section-vector2.svg]
[demo.egenslab.com/html/gofly/preview/assets/img/home6/home6-offer-banner-img1.jpg]
[demo.egenslab.com/html/gofly/preview/assets/img/home6/home6-offer-banner-img2.jpg]
[demo.egenslab.com/html/gofly/preview/assets/img/home6/home6-offer-banner-img3.jpg]
[demo.egenslab.com/html/gofly/preview/assets/img/home6/home6-offer-sm-img1.jpg]
[demo.egenslab.com/html/gofly/preview/assets/img/home6/home6-offer-sm-img2.jpg]
[demo.egenslab.com/html/gofly/preview/assets/img/home6/home6-offer-sm-img3.jpg]
[demo.egenslab.com/html/gofly/preview/assets/img/home6/tour-package-img1.jpg]
[demo.egenslab.com/html/gofly/preview/assets/img/home6/tour-package-img2.jpg]
[demo.egenslab.com/html/gofly/preview/assets/img/home6/tour-package-img3.jpg]
[demo.egenslab.com/html/gofly/preview/assets/img/home6/tour-package-img4.jpg]
[demo.egenslab.com/html/gofly/preview/assets/img/home6/tour-package-img5.jpg]
[demo.egenslab.com/html/gofly/preview/assets/img/home6/tour-package-img6.jpg]
[demo.egenslab.com/html/gofly/preview/assets/img/home6/tour-package-img7.jpg]
[demo.egenslab.com/html/gofly/preview/assets/img/home6/tour-package-img8.jpg]
[demo.egenslab.com/html/gofly/preview/assets/img/home6/tour-package-img9.jpg]
[demo.egenslab.com/html/gofly/preview/assets/img/home6/tour-package-img10.jpg]
[demo.egenslab.com/html/gofly/preview/assets/img/home6/tour-package-img11.jpg]
[demo.egenslab.com/html/gofly/preview/assets/img/home6/tour-package-img12.jpg]
[demo.egenslab.com/html/gofly/preview/assets/img/home6/home6-refund-img.png]
[demo.egenslab.com/html/gofly/preview/assets/img/home6/vector/refund-area-vector.svg]
[demo.egenslab.com/html/gofly/preview/assets/img/home6/about-img1.jpg]
[demo.egenslab.com/html/gofly/preview/assets/img/home6/about-img2.jpg]
[demo.egenslab.com/html/gofly/preview/assets/img/home6/vector/home6-counter-section-vector1.svg]
[demo.egenslab.com/html/gofly/preview/assets/img/home6/vector/home6-counter-section-vector2.svg]
[demo.egenslab.com/html/gofly/preview/assets/img/home6/vector/home6-counter-section-vector3.svg]
[demo.egenslab.com/html/gofly/preview/assets/img/home6/home6-activity-banner-img1.jpg]
[demo.egenslab.com/html/gofly/preview/assets/video/home6-activity-video.mp4]
[demo.egenslab.com/html/gofly/preview/assets/img/home6/home6-activity-banner-img2.jpg]
[demo.egenslab.com/html/gofly/preview/assets/img/home6/home6-activity-sm-img1.jpg]
[demo.egenslab.com/html/gofly/preview/assets/img/home6/home6-activity-sm-img2.jpg]
[demo.egenslab.com/html/gofly/preview/assets/img/home6/blog-img1.jpg]
[demo.egenslab.com/html/gofly/preview/assets/img/home6/blog-img2.jpg]
[demo.egenslab.com/html/gofly/preview/assets/img/home6/blog-img3.jpg]
[demo.egenslab.com/html/gofly/preview/assets/img/home6/newletter-img.png]
[demo.egenslab.com/html/gofly/preview/experience-01.html]
[demo.egenslab.com/html/gofly/preview/assets/img/footer-logo2.svg]
[demo.egenslab.com/html/gofly/preview/assets/img/home7/banner-img1.jpg]
[demo.egenslab.com/html/gofly/preview/assets/img/home7/banner-img2.jpg]
[demo.egenslab.com/html/gofly/preview/assets/img/home7/banner-img3.jpg]
[demo.egenslab.com/html/gofly/preview/assets/img/home7/vector/home7-banner-bottom-vector1.svg]
[demo.egenslab.com/html/gofly/preview/assets/img/home7/vector/home7-banner-bottom-vector2.svg]
[demo.egenslab.com/html/gofly/preview/assets/img/home7/destination-img1.jpg]
[demo.egenslab.com/html/gofly/preview/assets/img/home7/destination-img2.jpg]
[demo.egenslab.com/html/gofly/preview/assets/img/home7/destination-img3.jpg]
[demo.egenslab.com/html/gofly/preview/assets/img/home7/destination-img4.jpg]
[demo.egenslab.com/html/gofly/preview/assets/img/home7/destination-img5.jpg]
[demo.egenslab.com/html/gofly/preview/assets/img/home7/destination-img6.jpg]
[demo.egenslab.com/html/gofly/preview/assets/img/home7/destination-img7.jpg]
[demo.egenslab.com/html/gofly/preview/assets/img/home7/icon/feature-icon1.svg]
[demo.egenslab.com/html/gofly/preview/assets/img/home7/icon/feature-icon2.svg]
[demo.egenslab.com/html/gofly/preview/assets/img/home7/icon/feature-icon3.svg]
[demo.egenslab.com/html/gofly/preview/assets/img/home7/vector/home7-destination-section-vector1.svg]
[demo.egenslab.com/html/gofly/preview/assets/img/home7/vector/home7-destination-section-vector2.svg]
[demo.egenslab.com/html/gofly/preview/assets/img/home7/about-img.jpg]
[demo.egenslab.com/html/gofly/preview/assets/img/home7/vector/about-section-vector.svg]
[demo.egenslab.com/html/gofly/preview/assets/img/home6/tour-package-img13.jpg]
[demo.egenslab.com/html/gofly/preview/assets/img/home7/offer-banner-img1.jpg]
[demo.egenslab.com/html/gofly/preview/assets/img/home7/offer-banner-img-shape1.png]
[demo.egenslab.com/html/gofly/preview/assets/img/home7/offer-banner-img2.jpg]
[demo.egenslab.com/html/gofly/preview/assets/img/home7/offer-banner-img3.jpg]
[demo.egenslab.com/html/gofly/preview/assets/img/home7/tour-guide-img1.png]
[demo.egenslab.com/html/gofly/preview/assets/img/home7/tour-guide-img2.png]
[demo.egenslab.com/html/gofly/preview/assets/img/home7/tour-guide-img3.png]
[demo.egenslab.com/html/gofly/preview/assets/img/home7/tour-guide-img4.png]
[demo.egenslab.com/html/gofly/preview/assets/img/home7/tour-guide-img5.png]
[demo.egenslab.com/html/gofly/preview/assets/img/home7/tour-guide-img6.png]
[demo.egenslab.com/html/gofly/preview/assets/img/home7/tour-guide-img7.png]
[demo.egenslab.com/html/gofly/preview/assets/img/home7/vector/home7-tour-guide-section-vector.svg]
[demo.egenslab.com/html/gofly/preview/assets/img/home7/home7-testimonial-bg.jpg]
[demo.egenslab.com/html/gofly/preview/assets/img/home7/activity-tab-img1.jpg]
[demo.egenslab.com/html/gofly/preview/assets/img/home7/activity-tab-img2.jpg]
[demo.egenslab.com/html/gofly/preview/assets/img/home7/activity-tab-img3.jpg]
[demo.egenslab.com/html/gofly/preview/assets/img/home7/activity-tab-img4.jpg]
[demo.egenslab.com/html/gofly/preview/assets/img/home7/vector/home7-activity-tab-section-vector1.svg]
[demo.egenslab.com/html/gofly/preview/assets/img/home7/vector/home7-activity-tab-section-vector2.svg]
[demo.egenslab.com/html/gofly/preview/assets/img/home7/blog-img1.jpg]
[demo.egenslab.com/html/gofly/preview/assets/img/home7/blog-img2.jpg]
[demo.egenslab.com/html/gofly/preview/assets/img/home7/blog-img3.jpg]
[demo.egenslab.com/html/gofly/preview/assets/img/home7/blog-img4.jpg]
[demo.egenslab.com/html/gofly/preview/assets/img/home7/blog-img5.jpg]
[demo.egenslab.com/html/gofly/preview/assets/img/home7/vector/home7-blog-section-vecor1.svg]
[demo.egenslab.com/html/gofly/preview/assets/img/home7/vector/home7-blog-section-vecor2.svg]
[demo.egenslab.com/html/gofly/preview/assets/img/home7/home7-newsletter-section-img1.png]
[demo.egenslab.com/html/gofly/preview/assets/img/home7/vector/home7-blog-section-vecor3.svg]
[demo.egenslab.com/html/gofly/preview/assets/img/home7/home7-newsletter-section-img2.png]
[demo.egenslab.com/html/gofly/preview/experience-02.html]
[demo.egenslab.com/html/gofly/preview/assets/img/footer-logo4.svg]
[demo.egenslab.com/html/gofly/preview/assets/img/header-logo4.svg]
[demo.egenslab.com/html/gofly/preview/assets/img/home8/banner-award-img.svg]
[demo.egenslab.com/html/gofly/preview/assets/img/home8/vector/banner-vector.svg]
[demo.egenslab.com/html/gofly/preview/assets/img/home8/banner-img.jpg]
[demo.egenslab.com/html/gofly/preview/assets/img/home8/home8-offer-img1.jpg]
[demo.egenslab.com/html/gofly/preview/assets/img/home8/home8-offer-img2.jpg]
[demo.egenslab.com/html/gofly/preview/assets/img/home8/visa-img1.jpg]
[demo.egenslab.com/html/gofly/preview/assets/img/home8/visa-img2.jpg]
[demo.egenslab.com/html/gofly/preview/assets/img/home8/visa-img3.jpg]
[demo.egenslab.com/html/gofly/preview/assets/img/home8/visa-img4.jpg]
[demo.egenslab.com/html/gofly/preview/assets/img/home8/visa-img5.jpg]
[demo.egenslab.com/html/gofly/preview/assets/img/home8/home8-process-section-vector.png]
[demo.egenslab.com/html/gofly/preview/assets/img/home8/home8-company-intro-bg.jpg]
[demo.egenslab.com/html/gofly/preview/assets/img/home8/signature.svg]
[demo.egenslab.com/html/gofly/preview/assets/img/home8/icon/globe-icon.svg]
[demo.egenslab.com/html/gofly/preview/assets/img/home1/germany-flag.png]
[demo.egenslab.com/html/gofly/preview/assets/img/home1/spain-flag.png]
[demo.egenslab.com/html/gofly/preview/assets/img/home1/switzerland-flag.png]
[demo.egenslab.com/html/gofly/preview/assets/img/home1/sweden-flag.png]
[demo.egenslab.com/html/gofly/preview/assets/img/home1/singapore-flag.png]
[demo.egenslab.com/html/gofly/preview/assets/img/home1/nigeria-flag.png]
[demo.egenslab.com/html/gofly/preview/assets/img/home8/home8-contact-img.png]
[demo.egenslab.com/html/gofly/preview/assets/img/home8/home8-testimoninal-banner-img.jpg]
[demo.egenslab.com/html/gofly/preview/assets/img/home8/icon/google-icon.svg]
[demo.egenslab.com/html/gofly/preview/assets/img/home8/home8-testimoninal-section-vector1.png]
[demo.egenslab.com/html/gofly/preview/assets/img/home8/home8-testimoninal-section-vector2.png]
[demo.egenslab.com/html/gofly/preview/assets/img/home8/blog-img1.jpg]
[demo.egenslab.com/html/gofly/preview/assets/img/home8/blog-img2.jpg]
[demo.egenslab.com/html/gofly/preview/assets/img/home8/blog-img3.jpg]
[demo.egenslab.com/html/gofly/preview/visa-agency.html]
[demo.egenslab.com/html/gofly/preview/assets/img/footer-logo3.svg]
[demo.egenslab.com/html/gofly/preview/assets/img/innerpages/breadcrumb-bg1.jpg]
[demo.egenslab.com/html/gofly/preview/assets/img/innerpages/destination-img1.jpg]
[demo.egenslab.com/html/gofly/preview/assets/img/innerpages/destination-img2.jpg]
[demo.egenslab.com/html/gofly/preview/assets/img/innerpages/destination-img3.jpg]
[demo.egenslab.com/html/gofly/preview/assets/img/innerpages/destination-img4.jpg]
[demo.egenslab.com/html/gofly/preview/assets/img/innerpages/destination-img5.jpg]
[demo.egenslab.com/html/gofly/preview/assets/img/innerpages/destination-img6.jpg]
[demo.egenslab.com/html/gofly/preview/destination-01.html]
[demo.egenslab.com/html/gofly/preview/assets/img/innerpages/destination-details-gallery-img1.jpg]
[demo.egenslab.com/html/gofly/preview/assets/img/innerpages/destination-details-gallery-img2.jpg]
[demo.egenslab.com/html/gofly/preview/assets/img/innerpages/destination-details-gallery-img3.jpg]
[demo.egenslab.com/html/gofly/preview/assets/img/innerpages/destination-details-gallery-img4.jpg]
[demo.egenslab.com/html/gofly/preview/assets/img/innerpages/destination-details-gallery-img5.jpg]
[demo.egenslab.com/html/gofly/preview/assets/img/innerpages/destination-dt-location-img1.jpg]
[demo.egenslab.com/html/gofly/preview/assets/img/innerpages/destination-dt-location-img2.jpg]
[demo.egenslab.com/html/gofly/preview/assets/img/innerpages/destination-dt-location-img3.jpg]
[demo.egenslab.com/html/gofly/preview/assets/img/innerpages/destination-dt-location-img5.jpg]
[demo.egenslab.com/html/gofly/preview/assets/img/innerpages/destination-dt-location-img4.jpg]
[demo.egenslab.com/html/gofly/preview/assets/img/innerpages/destination-dt-location-img6.jpg]
[demo.egenslab.com/html/gofly/preview/assets/img/innerpages/destination-dt-location-img7.jpg]
[demo.egenslab.com/html/gofly/preview/assets/img/innerpages/customer-gallery-img1.png]
[demo.egenslab.com/html/gofly/preview/assets/img/innerpages/customer-gallery-img2.png]
[demo.egenslab.com/html/gofly/preview/assets/img/innerpages/customer-gallery-img3.png]
[demo.egenslab.com/html/gofly/preview/assets/img/innerpages/customer-gallery-img4.png]
[demo.egenslab.com/html/gofly/preview/assets/video/destination-details-video.mp4]
[demo.egenslab.com/html/gofly/preview/assets/img/innerpages/customer-gallery-img6.png]
[demo.egenslab.com/html/gofly/preview/assets/img/innerpages/customer-gallery-img7.png]
[demo.egenslab.com/html/gofly/preview/assets/img/innerpages/travel-season-img1.jpg]
[demo.egenslab.com/html/gofly/preview/assets/img/innerpages/travel-season-img2.jpg]
[demo.egenslab.com/html/gofly/preview/assets/img/innerpages/travel-season-img3.jpg]
[demo.egenslab.com/html/gofly/preview/assets/img/innerpages/travel-season-img4.jpg]
[demo.egenslab.com/html/gofly/preview/assets/img/innerpages/destination-dt-faq-video-img.jpg]
[demo.egenslab.com/html/gofly/preview/destination-details.html]
[demo.egenslab.com/html/gofly/preview/assets/img/home1/mega-menu-vector1.svg]
[demo.egenslab.com/html/gofly/preview/assets/img/home1/mega-menu-vector2.svg]
[demo.egenslab.com/html/gofly/preview/assets/img/innerpages/breadcrumb-bg3.jpg]
[demo.egenslab.com/html/gofly/preview/travel-package-01.html]
[demo.egenslab.com/html/gofly/preview/assets/js/range-slider.js]
[demo.egenslab.com/html/gofly/preview/assets/css/leaflet.css]
[demo.egenslab.com/html/gofly/preview/assets/img/innerpages/icon/tripadvisor-rating2.svg]
[demo.egenslab.com/html/gofly/preview/assets/img/innerpages/tour-package-img1.jpg]
[demo.egenslab.com/html/gofly/preview/assets/img/innerpages/tour-package-img2.jpg]
[demo.egenslab.com/html/gofly/preview/assets/img/innerpages/tour-package-img3.jpg]
[demo.egenslab.com/html/gofly/preview/assets/img/innerpages/tour-package-img4.jpg]
[demo.egenslab.com/html/gofly/preview/assets/img/innerpages/tour-package-img5.jpg]
[demo.egenslab.com/html/gofly/preview/travel-package-02.html]
[demo.egenslab.com/html/gofly/preview/assets/js/leaflet.js]
[demo.egenslab.com/html/gofly/preview/assets/css/calendar-css.css]
[demo.egenslab.com/html/gofly/preview/assets/img/innerpages/package-breadcrumb-bg1.jpg]
[demo.egenslab.com/html/gofly/preview/assets/img/innerpages/package-breadcrumb-bg2.jpg]
[demo.egenslab.com/html/gofly/preview/assets/img/innerpages/breadcrumb-bg9.jpg]
[demo.egenslab.com/html/gofly/preview/assets/img/innerpages/icon/tripadvisor-rating.svg]
[demo.egenslab.com/html/gofly/preview/assets/img/innerpages/icon/carbon-icon.svg]
[demo.egenslab.com/html/gofly/preview/assets/img/innerpages/location-modal-activity-img1.jpg]
[demo.egenslab.com/html/gofly/preview/assets/img/innerpages/location-modal-activity-img2.jpg]
[demo.egenslab.com/html/gofly/preview/assets/img/innerpages/location-modal-activity-img3.jpg]
[demo.egenslab.com/html/gofly/preview/assets/img/innerpages/location-modal-activity-img4.jpg]
[demo.egenslab.com/html/gofly/preview/assets/img/innerpages/location-modal-activity-img5.jpg]
[demo.egenslab.com/html/gofly/preview/assets/img/innerpages/location-modal-accommodation-img.jpg]
[demo.egenslab.com/html/gofly/preview/assets/img/innerpages/package-dt-location-img1.jpg]
[demo.egenslab.com/html/gofly/preview/assets/img/innerpages/package-dt-location-img2.jpg]
[demo.egenslab.com/html/gofly/preview/assets/img/innerpages/package-dt-location-img3.jpg]
[demo.egenslab.com/html/gofly/preview/assets/img/innerpages/package-dt-location-img4.jpg]
[demo.egenslab.com/html/gofly/preview/assets/img/innerpages/package-dt-location-img5.jpg]
[demo.egenslab.com/html/gofly/preview/assets/company-desk.pdf]
[demo.egenslab.com/html/gofly/preview/assets/img/innerpages/package-dt-brochure-download-img.png]
[demo.egenslab.com/html/gofly/preview/assets/img/innerpages/comment-author-01.jpg]
[demo.egenslab.com/html/gofly/preview/assets/img/innerpages/comment-author-02.jpg]
[demo.egenslab.com/html/gofly/preview/assets/js/helper.js]
[demo.egenslab.com/html/gofly/preview/travel-package-details.html]
[demo.egenslab.com/html/gofly/preview/assets/js/custom-calendar.js]
[demo.egenslab.com/html/gofly/preview/assets/img/innerpages/breadcrumb-bg5.jpg]
[demo.egenslab.com/html/gofly/preview/assets/img/innerpages/visa-package-img1.jpg]
[demo.egenslab.com/html/gofly/preview/assets/img/innerpages/visa-package-img2.jpg]
[demo.egenslab.com/html/gofly/preview/assets/img/innerpages/visa-package-img3.jpg]
[demo.egenslab.com/html/gofly/preview/assets/img/innerpages/visa-package-img4.jpg]
[demo.egenslab.com/html/gofly/preview/assets/img/innerpages/visa-package-img5.jpg]
[demo.egenslab.com/html/gofly/preview/assets/img/innerpages/visa-package-img6.jpg]
[demo.egenslab.com/html/gofly/preview/assets/img/innerpages/visa-package-img7.jpg]
[demo.egenslab.com/html/gofly/preview/assets/img/innerpages/visa-package-img8.jpg]
[demo.egenslab.com/html/gofly/preview/visa.html]
[demo.egenslab.com/html/gofly/preview/assets/css/dropzone.css]
[demo.egenslab.com/html/gofly/preview/assets/img/innerpages/icon/file-icon.svg]
[demo.egenslab.com/html/gofly/preview/assets/img/innerpages/breadcrumb-bg7.jpg]
[demo.egenslab.com/html/gofly/preview/assets/img/innerpages/visa-rejection-img.png]
[demo.egenslab.com/html/gofly/preview/assets/img/innerpages/icon/whatsapp-icon-white.svg]
[demo.egenslab.com/html/gofly/preview/assets/img/innerpages/visa-dt-visa-assistance-img.png]
[demo.egenslab.com/html/gofly/preview/assets/img/innerpages/visa-dt-success-story-card-img1.jpg]
[demo.egenslab.com/html/gofly/preview/assets/img/innerpages/visa-dt-success-story-card-logo.svg]
[demo.egenslab.com/html/gofly/preview/assets/img/innerpages/visa-dt-success-story-card-img2.jpg]
[demo.egenslab.com/html/gofly/preview/assets/img/innerpages/visa-dt-success-story-card-img3.jpg]
[demo.egenslab.com/html/gofly/preview/assets/img/innerpages/visa-dt-success-story-card-img4.jpg]
[demo.egenslab.com/html/gofly/preview/assets/video/visa-details-video.mp4]
[demo.egenslab.com/html/gofly/preview/assets/img/innerpages/visa-dt-success-story-card-img6.jpg]
[demo.egenslab.com/html/gofly/preview/assets/img/innerpages/visa-dt-success-story-card-img5.jpg]
[demo.egenslab.com/html/gofly/preview/visa-details.html]
[demo.egenslab.com/html/gofly/preview/assets/js/dropzone-min.js]
[demo.egenslab.com/html/gofly/preview/assets/img/innerpages/breadcrumb-bg2.jpg]
[demo.egenslab.com/html/gofly/preview/assets/img/innerpages/about-page-founder-signature.png]
[demo.egenslab.com/html/gofly/preview/assets/img/innerpages/about-page-journey-img1.jpg]
[demo.egenslab.com/html/gofly/preview/assets/img/innerpages/about-page-journey-img2.jpg]
[demo.egenslab.com/html/gofly/preview/assets/img/innerpages/about-page-journey-img3.jpg]
[demo.egenslab.com/html/gofly/preview/assets/img/innerpages/about-page-journey-img4.jpg]
[demo.egenslab.com/html/gofly/preview/assets/img/innerpages/about-page-journey-img5.jpg]
[demo.egenslab.com/html/gofly/preview/assets/img/innerpages/about-page-journey-img6.jpg]
[demo.egenslab.com/html/gofly/preview/assets/img/innerpages/about-page-journey-img7.jpg]
[demo.egenslab.com/html/gofly/preview/assets/img/innerpages/about-video-img.jpg]
[demo.egenslab.com/html/gofly/preview/about.html]
[demo.egenslab.com/html/gofly/preview/assets/img/home2/destination-img8.jpg]
[demo.egenslab.com/html/gofly/preview/destination-02.html]
[demo.egenslab.com/html/gofly/preview/assets/img/home3/destination-img8.jpg]
[demo.egenslab.com/html/gofly/preview/destination-03.html]
[demo.egenslab.com/html/gofly/preview/assets/img/innerpages/destination4-img1.jpg]
[demo.egenslab.com/html/gofly/preview/assets/img/innerpages/destination4-img2.jpg]
[demo.egenslab.com/html/gofly/preview/assets/img/innerpages/destination4-img3.jpg]
[demo.egenslab.com/html/gofly/preview/destination-04.html]
[demo.egenslab.com/html/gofly/preview/destination-05.html]
[demo.egenslab.com/html/gofly/preview/assets/img/innerpages/destination-card4-img1.jpg]
[demo.egenslab.com/html/gofly/preview/assets/img/home1/portugal-flag.png]
[demo.egenslab.com/html/gofly/preview/assets/img/innerpages/destination-card4-img2.jpg]
[demo.egenslab.com/html/gofly/preview/assets/img/home1/philippines-flag.png]
[demo.egenslab.com/html/gofly/preview/assets/img/home1/turkey-flag.png]
[demo.egenslab.com/html/gofly/preview/assets/img/innerpages/destination-card4-img3.jpg]
[demo.egenslab.com/html/gofly/preview/assets/img/home1/madagascar-flag.png]
[demo.egenslab.com/html/gofly/preview/assets/img/home1/ghana-flag.png]
[demo.egenslab.com/html/gofly/preview/assets/img/innerpages/destination-card4-img4.jpg]
[demo.egenslab.com/html/gofly/preview/assets/img/home1/new-zealand-flag.png]
[demo.egenslab.com/html/gofly/preview/assets/img/home1/palau-flag.png]
[demo.egenslab.com/html/gofly/preview/assets/img/home1/nauru-flag.png]
[demo.egenslab.com/html/gofly/preview/assets/img/innerpages/destination-card4-img5.jpg]
[demo.egenslab.com/html/gofly/preview/assets/img/home1/oman-flag.png]
[demo.egenslab.com/html/gofly/preview/assets/img/home1/syria-flag.png]
[demo.egenslab.com/html/gofly/preview/assets/img/innerpages/destination-card4-img6.jpg]
[demo.egenslab.com/html/gofly/preview/assets/img/home1/panama-flag.png]
[demo.egenslab.com/html/gofly/preview/assets/img/home1/cuba-flag.png]
[demo.egenslab.com/html/gofly/preview/assets/img/home1/haiti-flag.png]
[demo.egenslab.com/html/gofly/preview/destination-06.html]
[demo.egenslab.com/html/gofly/preview/assets/img/innerpages/breadcrumb-bg4.jpg]
[demo.egenslab.com/html/gofly/preview/assets/img/innerpages/tour-package-img6.jpg]
[demo.egenslab.com/html/gofly/preview/assets/img/innerpages/tour-package-img7.jpg]
[demo.egenslab.com/html/gofly/preview/experience-grid.html]
[demo.egenslab.com/html/gofly/preview/assets/img/innerpages/experience-breadcrumb-bg.jpg]
[demo.egenslab.com/html/gofly/preview/experience-details.html]
[demo.egenslab.com/html/gofly/preview/assets/img/innerpages/breadcrumb-bg6.jpg]
[demo.egenslab.com/html/gofly/preview/assets/img/innerpages/hotel-img1.jpg]
[demo.egenslab.com/html/gofly/preview/assets/img/innerpages/hotel-img2.jpg]
[demo.egenslab.com/html/gofly/preview/assets/img/innerpages/hotel-img3.jpg]
[demo.egenslab.com/html/gofly/preview/assets/img/innerpages/hotel-img4.jpg]
[demo.egenslab.com/html/gofly/preview/assets/img/innerpages/hotel-img5.jpg]
[demo.egenslab.com/html/gofly/preview/assets/img/innerpages/hotel-img6.jpg]
[demo.egenslab.com/html/gofly/preview/hotel.html]
[demo.egenslab.com/html/gofly/preview/assets/img/innerpages/hotel-dt-gallery-img1.jpg]
[demo.egenslab.com/html/gofly/preview/assets/img/innerpages/hotel-dt-gallery-img6.jpg]
[demo.egenslab.com/html/gofly/preview/assets/img/innerpages/hotel-dt-gallery-img7.jpg]
[demo.egenslab.com/html/gofly/preview/assets/img/innerpages/hotel-dt-gallery-img2.jpg]
[demo.egenslab.com/html/gofly/preview/assets/img/innerpages/hotel-dt-gallery-img3.jpg]
[demo.egenslab.com/html/gofly/preview/assets/img/innerpages/hotel-dt-gallery-img4.jpg]
[demo.egenslab.com/html/gofly/preview/assets/img/innerpages/hotel-dt-gallery-img5.jpg]
[demo.egenslab.com/html/gofly/preview/assets/img/innerpages/hotel-dt-room-img1.jpg]
[demo.egenslab.com/html/gofly/preview/assets/img/innerpages/hotel-dt-room-img2.jpg]
[demo.egenslab.com/html/gofly/preview/assets/img/innerpages/hotel-dt-room-img3.jpg]
[demo.egenslab.com/html/gofly/preview/hotel-details.html]
[demo.egenslab.com/html/gofly/preview/assets/js/custom-range-calendar.js]
[demo.egenslab.com/html/gofly/preview/assets/img/home1/blog-img5.jpg]
[demo.egenslab.com/html/gofly/preview/assets/img/home1/blog-img6.jpg]
[demo.egenslab.com/html/gofly/preview/travel-inspiration-01.html]
[demo.egenslab.com/html/gofly/preview/assets/img/innerpages/blog-img3.jpg]
[demo.egenslab.com/html/gofly/preview/assets/img/innerpages/blog-img4.jpg]
[demo.egenslab.com/html/gofly/preview/assets/img/innerpages/blog-img5.jpg]
[demo.egenslab.com/html/gofly/preview/assets/img/innerpages/blog-img1.jpg]
[demo.egenslab.com/html/gofly/preview/assets/img/innerpages/blog-img2.jpg]
[demo.egenslab.com/html/gofly/preview/assets/img/innerpages/blog-img6.jpg]
[demo.egenslab.com/html/gofly/preview/travel-inspiration-02.html]
[demo.egenslab.com/html/gofly/preview/assets/img/innerpages/blog-st-img1.jpg]
[demo.egenslab.com/html/gofly/preview/assets/img/innerpages/blog-st-img2.jpg]
[demo.egenslab.com/html/gofly/preview/assets/img/innerpages/blog-st-img3.jpg]
[demo.egenslab.com/html/gofly/preview/assets/img/innerpages/blog-st-img4.jpg]
[demo.egenslab.com/html/gofly/preview/assets/img/innerpages/recent-post-img1.png]
[demo.egenslab.com/html/gofly/preview/assets/img/innerpages/recent-post-img2.png]
[demo.egenslab.com/html/gofly/preview/assets/img/innerpages/recent-post-img3.png]
[demo.egenslab.com/html/gofly/preview/assets/img/innerpages/recent-post-img4.png]
[demo.egenslab.com/html/gofly/preview/travel-inspiration-03.html]
[demo.egenslab.com/html/gofly/preview/assets/img/innerpages/inspiration-details1.jpg]
[demo.egenslab.com/html/gofly/preview/assets/img/innerpages/inspiration-details2.jpg]
[demo.egenslab.com/html/gofly/preview/assets/img/innerpages/inspiration-details3.jpg]
[demo.egenslab.com/html/gofly/preview/assets/img/innerpages/inspiration-details4.jpg]
[demo.egenslab.com/html/gofly/preview/assets/img/innerpages/inspiration-details5.jpg]
[demo.egenslab.com/html/gofly/preview/news-insight-grid.html]
[demo.egenslab.com/html/gofly/preview/travel-inspiration-details.html]
[demo.egenslab.com/html/gofly/preview/assets/img/home5/tour-guide-img8.png]
[demo.egenslab.com/html/gofly/preview/guider.html]
[demo.egenslab.com/html/gofly/preview/assets/img/innerpages/guider-details-img.png]
[demo.egenslab.com/html/gofly/preview/guider-details.html]
[demo.egenslab.com/html/gofly/preview/assets/img/innerpages/checkout-product-img1.jpg]
[demo.egenslab.com/html/gofly/preview/assets/img/innerpages/checkout-product-img2.jpg]
[demo.egenslab.com/html/gofly/preview/assets/img/innerpages/product-img1.jpg]
[demo.egenslab.com/html/gofly/preview/assets/img/innerpages/product-img2.jpg]
[demo.egenslab.com/html/gofly/preview/assets/img/innerpages/product-img3.jpg]
[demo.egenslab.com/html/gofly/preview/assets/img/innerpages/product-img4.jpg]
[demo.egenslab.com/html/gofly/preview/assets/img/innerpages/product-img5.jpg]
[demo.egenslab.com/html/gofly/preview/assets/img/innerpages/product-img6.jpg]
[demo.egenslab.com/html/gofly/preview/assets/img/innerpages/product-img7.jpg]
[demo.egenslab.com/html/gofly/preview/assets/img/innerpages/product-img8.jpg]
[demo.egenslab.com/html/gofly/preview/assets/img/innerpages/product-img9.jpg]
[demo.egenslab.com/html/gofly/preview/shop.html]
[demo.egenslab.com/html/gofly/preview/assets/img/innerpages/cart-img1.png]
[demo.egenslab.com/html/gofly/preview/assets/img/innerpages/cart-img2.png]
[demo.egenslab.com/html/gofly/preview/cart.html]
[demo.egenslab.com/html/gofly/preview/assets/img/innerpages/icon/payPal.svg]
[demo.egenslab.com/html/gofly/preview/assets/img/innerpages/icon/stripe.svg]
[demo.egenslab.com/html/gofly/preview/checkout.html]
[demo.egenslab.com/html/gofly/preview/assets/img/innerpages/icon/offline.svg]
[demo.egenslab.com/html/gofly/preview/assets/img/innerpages/product-details-img1.jpg]
[demo.egenslab.com/html/gofly/preview/assets/img/innerpages/product-details-img2.jpg]
[demo.egenslab.com/html/gofly/preview/assets/img/innerpages/product-details-img3.jpg]
[demo.egenslab.com/html/gofly/preview/product-details.html]
[demo.egenslab.com/html/gofly/preview/faq.html]
[demo.egenslab.com/html/gofly/preview/assets/img/innerpages/error-page-img.png]
[demo.egenslab.com/html/gofly/preview/assets/img/innerpages/error-page-img-vector.png]
[demo.egenslab.com/html/gofly/preview/assets/img/innerpages/vector/error-page-vector1.svg]
[demo.egenslab.com/html/gofly/preview/error.html]
[demo.egenslab.com/html/gofly/preview/assets/img/innerpages/vector/error-page-vector2.svg]
[demo.egenslab.com/html/gofly/preview/assets/img/innerpages/vector/contact-page-vector1.svg]
[demo.egenslab.com/html/gofly/preview/assets/img/innerpages/vector/contact-page-vector2.svg]
[demo.egenslab.com/html/gofly/preview/contact.html]
[demo.egenslab.com/html/gofly/preview/assets/img/home2/vector/home2-package-slider-vector1.svg]
[demo.egenslab.com/html/gofly/preview/assets/img/home2/vector/home2-package-slider-vector2.svg]
[demo.egenslab.com/html/gofly/preview/assets/img/home2/vector/home2-package-slider-vector3.svg]
[demo.egenslab.com/html/gofly/preview/assets/img/home2/icon/trip-advisor-icon.svg]
[demo.egenslab.com/html/gofly/preview/assets/img/home2/icon/trustpilot-star.svg]
[demo.egenslab.com/html/gofly/preview/assets/img/home2/icon/trustpilot-logo.svg]
[demo.egenslab.com/html/gofly/preview/assets/img/home2/vector/offer-banner-vector1.svg]
[demo.egenslab.com/html/gofly/preview/assets/img/home2/vector/offer-banner-vector2.svg]
[demo.egenslab.com/html/gofly/preview/assets/img/home2/vector/home2-offer-banner-vector.svg]
[demo.egenslab.com/html/gofly/preview/assets/img/home1/icon/trustpilot-logo.svg]
[demo.egenslab.com/html/gofly/preview/assets/img/home1/icon/trustpilot-star.svg]
[demo.egenslab.com/html/gofly/preview/assets/img/home1/icon/tripadvisor-logo.svg]
[demo.egenslab.com/html/gofly/preview/assets/img/home1/icon/tripadvisor-start.svg]
[demo.egenslab.com/html/gofly/preview/assets/img/home1/icon/whatsapp-icon2.svg]
[demo.egenslab.com/html/gofly/preview/assets/img/home1/icon/mail-icon2.svg]
[demo.egenslab.com/html/gofly/preview/assets/img/home1/icon/call-icon.svg]
[demo.egenslab.com/html/gofly/preview/assets/img/footer-logo.svg]
[demo.egenslab.com/html/gofly/preview/assets/img/home1/icon/google-play.svg]
[demo.egenslab.com/html/gofly/preview/assets/img/home1/icon/mastar-card-icon.svg]
[demo.egenslab.com/html/gofly/preview/assets/img/home1/icon/visa-icon.svg]
[demo.egenslab.com/html/gofly/preview/assets/img/home1/icon/paypal-icon.svg]
[demo.egenslab.com/html/gofly/preview/assets/img/home1/icon/gpay-icon.svg]
[demo.egenslab.com/html/gofly/preview/assets/css/fonts/slick.html]
[demo.egenslab.com/html/gofly/preview/assets/css/fonts/slickd41d.html]
[demo.egenslab.com/html/gofly/preview/assets/css/fonts/slick-2.html]
[demo.egenslab.com/html/gofly/preview/assets/css/fonts/slick-3.html]
[demo.egenslab.com/html/gofly/preview/assets/css/fonts/slick-4.html]
[demo.egenslab.com/html/gofly/preview/assets/fonts/boxiconsd41d.svg]
[demo.egenslab.com/html/gofly/preview/assets/img/home3/vector/service-title-shape.svg]
[demo.egenslab.com/html/gofly/preview/assets/img/home1/icon/home1-counter-divider.svg]
[demo.egenslab.com/html/gofly/preview/assets/img/home7/vector/home7-banner-bottom-divider.svg]
[demo.egenslab.com/html/gofly/preview/assets/img/innerpages/icon/customer-gallery-cursor.svg]
[demo.egenslab.com/html/gofly/preview/assets/css/nice-select.css]
[demo.egenslab.com/html/gofly/preview/assets/img/header-logo.svg]
[demo.egenslab.com/html/gofly/preview/assets/img/home1/icon/whatsapp-icon.svg]
[demo.egenslab.com/html/gofly/preview/assets/img/home1/icon/mail-icon.svg]
[demo.egenslab.com/html/gofly/preview/assets/img/home1/icon/live-chat.svg]
[demo.egenslab.com/html/gofly/preview/assets/img/header-logo3.svg]
[demo.egenslab.com/html/gofly/preview/assets/img/home3/vector/home3-travel-package-vector1.svg]
[demo.egenslab.com/html/gofly/preview/assets/img/home3/vector/home3-travel-package-vector2.svg]
[demo.egenslab.com/html/gofly/preview/assets/img/home3/icon/destination-feature-icon1.svg]
[demo.egenslab.com/html/gofly/preview/assets/img/home3/icon/destination-feature-icon2.svg]
[demo.egenslab.com/html/gofly/preview/assets/img/home3/icon/destination-feature-icon3.svg]
[demo.egenslab.com/html/gofly/preview/assets/img/home3/icon/destination-feature-icon4.svg]
[demo.egenslab.com/html/gofly/preview/assets/img/home3/vector/newsletter-section-vector1.svg]
[demo.egenslab.com/html/gofly/preview/assets/img/home3/vector/newsletter-section-vector2.svg]
[demo.egenslab.com/html/gofly/preview/assets/img/home3/icon/whatsapp-icon.svg]
[demo.egenslab.com/html/gofly/preview/assets/img/home3/icon/mail-icon.svg]
[demo.egenslab.com/html/gofly/preview/assets/img/home4/icon/feature-icon1.svg]
[demo.egenslab.com/html/gofly/preview/assets/img/home4/vector/feature-card-vector.svg]
[demo.egenslab.com/html/gofly/preview/assets/img/home4/icon/feature-icon2.svg]
[demo.egenslab.com/html/gofly/preview/assets/img/home4/icon/feature-icon3.svg]
[demo.egenslab.com/html/gofly/preview/assets/img/home4/vector/feature-section-vector2.svg]
[demo.egenslab.com/html/gofly/preview/assets/img/home4/vector/destination-section-vector.svg]
[demo.egenslab.com/html/gofly/preview/assets/img/home4/vector/blog-section-vector.svg]
[demo.egenslab.com/html/gofly/preview/assets/img/home4/vector/faq-section-vector.svg]
[demo.egenslab.com/html/gofly/preview/assets/img/home5/icon/mail-icon-black.svg]
[demo.egenslab.com/html/gofly/preview/assets/img/home5/icon/call-icon-black.svg]
[demo.egenslab.com/html/gofly/preview/assets/img/home5/vector/home5-about-video-vector.svg]
[demo.egenslab.com/html/gofly/preview/assets/img/home5/vector/home5-testimonial-section-vector.svg]
[demo.egenslab.com/html/gofly/preview/assets/img/home5/vector/home5-blog-vector.svg]
[demo.egenslab.com/html/gofly/preview/assets/img/home6/vector/service-section-vector1.svg]
[demo.egenslab.com/html/gofly/preview/assets/img/home6/vector/service-section-vector2.svg]
[demo.egenslab.com/html/gofly/preview/assets/img/home6/vector/refund-area-vector.svg]
[demo.egenslab.com/html/gofly/preview/assets/img/home6/vector/home6-counter-section-vector1.svg]
[demo.egenslab.com/html/gofly/preview/assets/img/home6/vector/home6-counter-section-vector2.svg]
[demo.egenslab.com/html/gofly/preview/assets/img/home6/vector/home6-counter-section-vector3.svg]
[demo.egenslab.com/html/gofly/preview/assets/img/footer-logo2.svg]
[demo.egenslab.com/html/gofly/preview/assets/img/home7/vector/home7-banner-bottom-vector1.svg]
[demo.egenslab.com/html/gofly/preview/assets/img/home7/vector/home7-banner-bottom-vector2.svg]
[demo.egenslab.com/html/gofly/preview/assets/img/home7/icon/feature-icon1.svg]
[demo.egenslab.com/html/gofly/preview/assets/img/home7/icon/feature-icon2.svg]
[demo.egenslab.com/html/gofly/preview/assets/img/home7/icon/feature-icon3.svg]
[demo.egenslab.com/html/gofly/preview/assets/img/home7/vector/home7-destination-section-vector1.svg]
[demo.egenslab.com/html/gofly/preview/assets/img/home7/vector/home7-destination-section-vector2.svg]
[demo.egenslab.com/html/gofly/preview/assets/img/home7/vector/about-section-vector.svg]
[demo.egenslab.com/html/gofly/preview/assets/img/home7/vector/home7-tour-guide-section-vector.svg]
[demo.egenslab.com/html/gofly/preview/assets/img/home7/vector/home7-activity-tab-section-vector1.svg]
[demo.egenslab.com/html/gofly/preview/assets/img/home7/vector/home7-activity-tab-section-vector2.svg]
[demo.egenslab.com/html/gofly/preview/assets/img/home7/vector/home7-blog-section-vecor1.svg]
[demo.egenslab.com/html/gofly/preview/assets/img/home7/vector/home7-blog-section-vecor2.svg]
[demo.egenslab.com/html/gofly/preview/assets/img/innerpages/vector/contact-page-vector3.svg]
[demo.egenslab.com/html/gofly/preview/assets/img/home7/vector/home7-blog-section-vecor3.svg]
[demo.egenslab.com/html/gofly/preview/assets/img/footer-logo4.svg]
[demo.egenslab.com/html/gofly/preview/assets/img/header-logo4.svg]
[demo.egenslab.com/html/gofly/preview/assets/img/home8/banner-award-img.svg]
[demo.egenslab.com/html/gofly/preview/assets/img/home8/vector/banner-vector.svg]
[demo.egenslab.com/html/gofly/preview/assets/img/home8/signature.svg]
[demo.egenslab.com/html/gofly/preview/assets/img/home8/icon/globe-icon.svg]
[demo.egenslab.com/html/gofly/preview/assets/img/home8/icon/google-icon.svg]
[demo.egenslab.com/html/gofly/preview/assets/img/footer-logo3.svg]
[demo.egenslab.com/html/gofly/preview/assets/css/images/layers.png]
[demo.egenslab.com/html/gofly/preview/assets/css/images/layers-2x.png]
[demo.egenslab.com/html/gofly/preview/assets/css/images/marker-icon.png]
[demo.egenslab.com/html/gofly/preview/assets/css/leaflet.css]
[demo.egenslab.com/html/gofly/preview/assets/img/innerpages/icon/tripadvisor-rating2.svg]
[demo.egenslab.com/html/gofly/preview/assets/css/calendar-css.css]
[demo.egenslab.com/html/gofly/preview/assets/img/innerpages/icon/tripadvisor-rating.svg]
[demo.egenslab.com/html/gofly/preview/assets/img/innerpages/icon/carbon-icon.svg]
[demo.egenslab.com/html/gofly/preview/assets/css/dropzone.css]
[demo.egenslab.com/html/gofly/preview/assets/img/innerpages/icon/file-icon.svg]
[demo.egenslab.com/html/gofly/preview/assets/img/innerpages/icon/whatsapp-icon-white.svg]
[demo.egenslab.com/html/gofly/preview/assets/img/innerpages/visa-dt-success-story-card-logo.svg]
[demo.egenslab.com/html/gofly/preview/news-insight-grid.html]
[demo.egenslab.com/html/gofly/preview/assets/img/innerpages/icon/payPal.svg]
[demo.egenslab.com/html/gofly/preview/assets/img/innerpages/icon/stripe.svg]
[demo.egenslab.com/html/gofly/preview/assets/img/innerpages/icon/offline.svg]
[demo.egenslab.com/html/gofly/preview/assets/img/innerpages/vector/error-page-vector1.svg]
[demo.egenslab.com/html/gofly/preview/assets/img/innerpages/vector/error-page-vector2.svg]
[demo.egenslab.com/html/gofly/preview/assets/img/innerpages/vector/contact-page-vector1.svg]
[demo.egenslab.com/html/gofly/preview/assets/img/innerpages/vector/contact-page-vector2.svg]
[demo.egenslab.com/html/gofly/preview/assets/img/innerpages/vector/contact-page-vector3.svg]
[demo.egenslab.com/html/gofly/preview/assets/css/images/layers.html]
[demo.egenslab.com/html/gofly/preview/assets/css/images/layers-2x.html]
[demo.egenslab.com/html/gofly/preview/assets/css/images/marker-icon.html]
